// Jest Snapshot v1, https://goo.gl/fbAQLP

exports[`Movies component should be render MoviesDataWrapper correctly 1`] = `ReactWrapper {}`;

exports[`Movies component should be render MoviesList correctly 1`] = `ReactWrapper {}`;

exports[`Movies component should be render movies correctly 1`] = `ReactWrapper {}`;
